ERROR:root:Geocoding失败：ZERO_RESULTS - 地址：WAI WAH BLDG
ERROR:root:Geocoding失败：ZERO_RESULTS - 地址：WAI WAH BLDG
ERROR:root:Geocoding失败：ZERO_RESULTS - 地址：WAI WAH BLDG
ERROR:root:Geocoding失败：ZERO_RESULTS - 地址：PORTLAND ST 163-173
ERROR:root:Geocoding失败：ZERO_RESULTS - 地址：PORTLAND ST 163-173
ERROR:root:Geocoding失败：ZERO_RESULTS - 地址：PORTLAND ST 163-173
ERROR:root:Geocoding失败：ZERO_RESULTS - 地址：PORTLAND ST 163-173
ERROR:root:Geocoding失败：ZERO_RESULTS - 地址：PORTLAND ST 163-173
ERROR:root:Geocoding失败：ZERO_RESULTS - 地址：PORTLAND ST 163-173
ERROR:root:Geocoding失败：ZERO_RESULTS - 地址：RIVIERA GDN SHOPPING PDM B
ERROR:root:Geocoding失败：ZERO_RESULTS - 地址：RIVIERA GDN SHOPPING PDM B
ERROR:root:Geocoding失败：ZERO_RESULTS - 地址：RIVIERA GDN SHOPPING PDM B
ERROR:root:Geocoding失败：ZERO_RESULTS - 地址：GLORIOUS GDN ARCADE
ERROR:root:Geocoding失败：ZERO_RESULTS - 地址：GLORIOUS GDN ARCADE
ERROR:root:Geocoding失败：ZERO_RESULTS - 地址：GLORIOUS GDN ARCADE
ERROR:root:Geocoding失败：ZERO_RESULTS - 地址：WING FUK CTR ARCADE
ERROR:root:Geocoding失败：ZERO_RESULTS - 地址：WING FUK CTR ARCADE
ERROR:root:Geocoding失败：ZERO_RESULTS - 地址：WING FUK CTR ARCADE
ERROR:root:Geocoding失败：ZERO_RESULTS - 地址：RIVIERA GDN SHOPPING PDM A
ERROR:root:Geocoding失败：ZERO_RESULTS - 地址：RIVIERA GDN SHOPPING PDM A
ERROR:root:Geocoding失败：ZERO_RESULTS - 地址：RIVIERA GDN SHOPPING PDM A
ERROR:root:Geocoding失败：ZERO_RESULTS - 地址：YUK LUNG MAN
ERROR:root:Geocoding失败：ZERO_RESULTS - 地址：YUK LUNG MAN
ERROR:root:Geocoding失败：ZERO_RESULTS - 地址：YUK LUNG MAN
ERROR:root:Geocoding失败：ZERO_RESULTS - 地址：WING FUK CTR ARCADE
ERROR:root:Geocoding失败：ZERO_RESULTS - 地址：WING FUK CTR ARCADE
ERROR:root:Geocoding失败：ZERO_RESULTS - 地址：WING FUK CTR ARCADE
ERROR:root:Geocoding失败：ZERO_RESULTS - 地址：WAI WAH BLDG
ERROR:root:Geocoding失败：ZERO_RESULTS - 地址：WAI WAH BLDG
ERROR:root:Geocoding失败：ZERO_RESULTS - 地址：WAI WAH BLDG
ERROR:root:Geocoding失败：ZERO_RESULTS - 地址：RIVIERA GDN SHOPPING PDM B
ERROR:root:Geocoding失败：ZERO_RESULTS - 地址：RIVIERA GDN SHOPPING PDM B
ERROR:root:Geocoding失败：ZERO_RESULTS - 地址：RIVIERA GDN SHOPPING PDM B
ERROR:root:Geocoding失败：ZERO_RESULTS - 地址：PORTLAND ST 163-173
ERROR:root:Geocoding失败：ZERO_RESULTS - 地址：PORTLAND ST 163-173
ERROR:root:Geocoding失败：ZERO_RESULTS - 地址：PORTLAND ST 163-173
ERROR:root:Geocoding失败：ZERO_RESULTS - 地址：WAI WAH BLDG
ERROR:root:Geocoding失败：ZERO_RESULTS - 地址：WAI WAH BLDG
ERROR:root:Geocoding失败：ZERO_RESULTS - 地址：WAI WAH BLDG
ERROR:root:Geocoding失败：ZERO_RESULTS - 地址：RIVIERA GDN SHOPPING PDM B
ERROR:root:Geocoding失败：ZERO_RESULTS - 地址：RIVIERA GDN SHOPPING PDM B
ERROR:root:Geocoding失败：ZERO_RESULTS - 地址：RIVIERA GDN SHOPPING PDM B
ERROR:root:Geocoding失败：ZERO_RESULTS - 地址：YUK LUNG MAN
ERROR:root:Geocoding失败：ZERO_RESULTS - 地址：YUK LUNG MAN
ERROR:root:Geocoding失败：ZERO_RESULTS - 地址：YUK LUNG MAN
ERROR:root:Geocoding失败：ZERO_RESULTS - 地址：PORTLAND ST 163-173
ERROR:root:Geocoding失败：ZERO_RESULTS - 地址：PORTLAND ST 163-173
ERROR:root:Geocoding失败：ZERO_RESULTS - 地址：PORTLAND ST 163-173
ERROR:root:Geocoding失败：ZERO_RESULTS - 地址：NEW TOWN MAN ARCADE
ERROR:root:Geocoding失败：ZERO_RESULTS - 地址：NEW TOWN MAN ARCADE
ERROR:root:Geocoding失败：ZERO_RESULTS - 地址：NEW TOWN MAN ARCADE
ERROR:root:Geocoding失败：ZERO_RESULTS - 地址：BEAUTIFUL GDN (ARCADE)
ERROR:root:Geocoding失败：ZERO_RESULTS - 地址：BEAUTIFUL GDN (ARCADE)
ERROR:root:Geocoding失败：ZERO_RESULTS - 地址：BEAUTIFUL GDN (ARCADE)
ERROR:root:Geocoding失败：ZERO_RESULTS - 地址：NEW TOWN MAN ARCADE
ERROR:root:Geocoding失败：ZERO_RESULTS - 地址：NEW TOWN MAN ARCADE
ERROR:root:Geocoding失败：ZERO_RESULTS - 地址：NEW TOWN MAN ARCADE
ERROR:root:Geocoding失败：ZERO_RESULTS - 地址：LUNG SUM AVE 33
ERROR:root:Geocoding失败：ZERO_RESULTS - 地址：LUNG SUM AVE 33
ERROR:root:Geocoding失败：ZERO_RESULTS - 地址：LUNG SUM AVE 33
ERROR:root:Geocoding失败：ZERO_RESULTS - 地址：YUET WU PLAZA
ERROR:root:Geocoding失败：ZERO_RESULTS - 地址：YUET WU PLAZA
ERROR:root:Geocoding失败：ZERO_RESULTS - 地址：YUET WU PLAZA
ERROR:root:Geocoding失败：ZERO_RESULTS - 地址：YUET WU PLAZA
ERROR:root:Geocoding失败：ZERO_RESULTS - 地址：YUET WU PLAZA
ERROR:root:Geocoding失败：ZERO_RESULTS - 地址：YUET WU PLAZA
ERROR:root:Geocoding失败：ZERO_RESULTS - 地址：TIN WU RD 1
ERROR:root:Geocoding失败：ZERO_RESULTS - 地址：TIN WU RD 1
ERROR:root:Geocoding失败：ZERO_RESULTS - 地址：TIN WU RD 1
ERROR:root:Geocoding失败：ZERO_RESULTS - 地址：TAI WO CTR ARCADE
ERROR:root:Geocoding失败：ZERO_RESULTS - 地址：TAI WO CTR ARCADE
ERROR:root:Geocoding失败：ZERO_RESULTS - 地址：TAI WO CTR ARCADE
ERROR:root:Geocoding失败：ZERO_RESULTS - 地址：BEAUTIFUL GDN (ARCADE)
ERROR:root:Geocoding失败：ZERO_RESULTS - 地址：BEAUTIFUL GDN (ARCADE)
ERROR:root:Geocoding失败：ZERO_RESULTS - 地址：BEAUTIFUL GDN (ARCADE)
ERROR:root:Geocoding失败：ZERO_RESULTS - 地址：LUNG SUM AVE 33
ERROR:root:Geocoding失败：ZERO_RESULTS - 地址：LUNG SUM AVE 33
ERROR:root:Geocoding失败：ZERO_RESULTS - 地址：LUNG SUM AVE 33
ERROR:root:Geocoding失败：ZERO_RESULTS - 地址：nan
ERROR:root:Geocoding失败：ZERO_RESULTS - 地址：nan
ERROR:root:Geocoding失败：ZERO_RESULTS - 地址：nan
ERROR:root:Geocoding失败：ZERO_RESULTS - 地址：TIN WU RD 1
ERROR:root:Geocoding失败：ZERO_RESULTS - 地址：TIN WU RD 1
ERROR:root:Geocoding失败：ZERO_RESULTS - 地址：TIN WU RD 1
ERROR:root:Geocoding失败：ZERO_RESULTS - 地址：DES VOEUX RD C 19
ERROR:root:Geocoding失败：ZERO_RESULTS - 地址：DES VOEUX RD C 19
ERROR:root:Geocoding失败：ZERO_RESULTS - 地址：DES VOEUX RD C 19
ERROR:root:Geocoding失败：ZERO_RESULTS - 地址：RIVIERA GDN SHOPPING PDM D
ERROR:root:Geocoding失败：ZERO_RESULTS - 地址：RIVIERA GDN SHOPPING PDM D
ERROR:root:Geocoding失败：ZERO_RESULTS - 地址：RIVIERA GDN SHOPPING PDM D
ERROR:root:Geocoding失败：ZERO_RESULTS - 地址：YUK LUNG MAN
ERROR:root:Geocoding失败：ZERO_RESULTS - 地址：YUK LUNG MAN
ERROR:root:Geocoding失败：ZERO_RESULTS - 地址：YUK LUNG MAN
ERROR:root:Geocoding失败：ZERO_RESULTS - 地址：RIVIERA GDN SHOPPING PDM C
ERROR:root:Geocoding失败：ZERO_RESULTS - 地址：RIVIERA GDN SHOPPING PDM C
ERROR:root:Geocoding失败：ZERO_RESULTS - 地址：RIVIERA GDN SHOPPING PDM C
ERROR:root:Geocoding失败：ZERO_RESULTS - 地址：RIVIERA GDN SHOPPING PDM D
ERROR:root:Geocoding失败：ZERO_RESULTS - 地址：RIVIERA GDN SHOPPING PDM D
ERROR:root:Geocoding失败：ZERO_RESULTS - 地址：RIVIERA GDN SHOPPING PDM D
ERROR:root:Geocoding失败：ZERO_RESULTS - 地址：HO SHUN YEE BLDG ARCADE
ERROR:root:Geocoding失败：ZERO_RESULTS - 地址：HO SHUN YEE BLDG ARCADE
ERROR:root:Geocoding失败：ZERO_RESULTS - 地址：HO SHUN YEE BLDG ARCADE
ERROR:root:Geocoding失败：ZERO_RESULTS - 地址：RECLAMATION ST 470
ERROR:root:Geocoding失败：ZERO_RESULTS - 地址：RECLAMATION ST 470
ERROR:root:Geocoding失败：ZERO_RESULTS - 地址：RECLAMATION ST 470
ERROR:root:Geocoding失败：ZERO_RESULTS - 地址：HO SHUN YEE BLDG ARCADE
ERROR:root:Geocoding失败：ZERO_RESULTS - 地址：HO SHUN YEE BLDG ARCADE
ERROR:root:Geocoding失败：ZERO_RESULTS - 地址：HO SHUN YEE BLDG ARCADE
ERROR:root:Geocoding失败：ZERO_RESULTS - 地址：HO SHUN YEE BLDG ARCADE
ERROR:root:Geocoding失败：ZERO_RESULTS - 地址：HO SHUN YEE BLDG ARCADE
ERROR:root:Geocoding失败：ZERO_RESULTS - 地址：HO SHUN YEE BLDG ARCADE
ERROR:root:Geocoding失败：ZERO_RESULTS - 地址：LUNG SUM AVE 33
ERROR:root:Geocoding失败：ZERO_RESULTS - 地址：LUNG SUM AVE 33
ERROR:root:Geocoding失败：ZERO_RESULTS - 地址：LUNG SUM AVE 33
ERROR:root:Geocoding失败：ZERO_RESULTS - 地址：YUET WU PLAZA
ERROR:root:Geocoding失败：ZERO_RESULTS - 地址：YUET WU PLAZA
ERROR:root:Geocoding失败：ZERO_RESULTS - 地址：YUET WU PLAZA
ERROR:root:Geocoding失败：ZERO_RESULTS - 地址：PORTLAND ST 163-173
ERROR:root:Geocoding失败：ZERO_RESULTS - 地址：PORTLAND ST 163-173
ERROR:root:Geocoding失败：ZERO_RESULTS - 地址：PORTLAND ST 163-173
ERROR:root:Geocoding失败：ZERO_RESULTS - 地址：RECLAMATION ST 470
ERROR:root:Geocoding失败：ZERO_RESULTS - 地址：RECLAMATION ST 470
ERROR:root:Geocoding失败：ZERO_RESULTS - 地址：RECLAMATION ST 470
ERROR:root:Geocoding失败：ZERO_RESULTS - 地址：AUSTIN AVE 7-9
ERROR:root:Geocoding失败：ZERO_RESULTS - 地址：AUSTIN AVE 7-9
ERROR:root:Geocoding失败：ZERO_RESULTS - 地址：AUSTIN AVE 7-9
ERROR:root:Geocoding失败：ZERO_RESULTS - 地址：RIVIERA GDN SHOPPING PDM C
ERROR:root:Geocoding失败：ZERO_RESULTS - 地址：RIVIERA GDN SHOPPING PDM C
ERROR:root:Geocoding失败：ZERO_RESULTS - 地址：RIVIERA GDN SHOPPING PDM C
ERROR:root:Geocoding失败：ZERO_RESULTS - 地址：YUK LUNG MAN
ERROR:root:Geocoding失败：ZERO_RESULTS - 地址：YUK LUNG MAN
ERROR:root:Geocoding失败：ZERO_RESULTS - 地址：YUK LUNG MAN
ERROR:root:Geocoding失败：ZERO_RESULTS - 地址：FU SHIN ST 63-65
ERROR:root:Geocoding失败：ZERO_RESULTS - 地址：FU SHIN ST 63-65
ERROR:root:Geocoding失败：ZERO_RESULTS - 地址：FU SHIN ST 63-65
ERROR:root:Geocoding失败：ZERO_RESULTS - 地址：PORTLAND ST 163-173
ERROR:root:Geocoding失败：ZERO_RESULTS - 地址：PORTLAND ST 163-173
ERROR:root:Geocoding失败：ZERO_RESULTS - 地址：PORTLAND ST 163-173
ERROR:root:Geocoding失败：ZERO_RESULTS - 地址：WING FUK CTR ARCADE
ERROR:root:Geocoding失败：ZERO_RESULTS - 地址：WING FUK CTR ARCADE
ERROR:root:Geocoding失败：ZERO_RESULTS - 地址：WING FUK CTR ARCADE
ERROR:root:Geocoding失败：ZERO_RESULTS - 地址：YUK LUNG MAN
ERROR:root:Geocoding失败：ZERO_RESULTS - 地址：YUK LUNG MAN
ERROR:root:Geocoding失败：ZERO_RESULTS - 地址：YUK LUNG MAN
ERROR:root:Geocoding失败：ZERO_RESULTS - 地址：PORTLAND ST 163-173
ERROR:root:Geocoding失败：ZERO_RESULTS - 地址：PORTLAND ST 163-173
ERROR:root:Geocoding失败：ZERO_RESULTS - 地址：PORTLAND ST 163-173
ERROR:root:Geocoding失败：ZERO_RESULTS - 地址：WING FUK CTR ARCADE
ERROR:root:Geocoding失败：ZERO_RESULTS - 地址：WING FUK CTR ARCADE
ERROR:root:Geocoding失败：ZERO_RESULTS - 地址：WING FUK CTR ARCADE
ERROR:root:Geocoding失败：ZERO_RESULTS - 地址：HO SHUN YEE BLDG ARCADE
ERROR:root:Geocoding失败：ZERO_RESULTS - 地址：HO SHUN YEE BLDG ARCADE
ERROR:root:Geocoding失败：ZERO_RESULTS - 地址：HO SHUN YEE BLDG ARCADE
ERROR:root:Geocoding失败：ZERO_RESULTS - 地址：HO SHUN YEE BLDG ARCADE
ERROR:root:Geocoding失败：ZERO_RESULTS - 地址：HO SHUN YEE BLDG ARCADE
ERROR:root:Geocoding失败：ZERO_RESULTS - 地址：HO SHUN YEE BLDG ARCADE
ERROR:root:Geocoding失败：ZERO_RESULTS - 地址：KAI YUE COM BLDG
ERROR:root:Geocoding失败：ZERO_RESULTS - 地址：KAI YUE COM BLDG
ERROR:root:Geocoding失败：ZERO_RESULTS - 地址：KAI YUE COM BLDG
ERROR:root:Geocoding失败：REQUEST_DENIED - 处理后地址：CentralEastntralAStrEastEasttrEastaStrEastEasttEastaStrEastEastttLEastaStrEastEastt PEastaStrEastEasttAK Road 269, Hong Kong
ERROR:root:Geocoding失败：REQUEST_DENIED - 处理后地址：CentralEastntralAStrEastEasttrEastaStrEastEasttEastaStrEastEastttLEastaStrEastEastt PEastaStrEastEasttAK Road 269, Hong Kong
ERROR:root:Geocoding失败：REQUEST_DENIED - 处理后地址：CentralEastntralAStrEastEasttrEastaStrEastEasttEastaStrEastEastttLEastaStrEastEastt PEastaStrEastEasttAK Road 269, Hong Kong
ERROR:root:Geocoding失败：REQUEST_DENIED - 地址：CAStreetLEast PEastAK RD 269, Hong Kong
ERROR:root:Geocoding失败：REQUEST_DENIED - 地址：CAStreetLEast PEastAK RD 269, Hong Kong
ERROR:root:Geocoding失败：REQUEST_DENIED - 地址：CAStreetLEast PEastAK RD 269, Hong Kong
ERROR:root:Geocoding失败：REQUEST_DENIED - 地址：WAI WAH Building, Hong Kong
ERROR:root:Geocoding失败：REQUEST_DENIED - 地址：WAI WAH Building, Hong Kong
ERROR:root:Geocoding失败：REQUEST_DENIED - 地址：WAI WAH Building, Hong Kong
ERROR:root:Geocoding失败：REQUEST_DENIED - 地址：WAI WAH Building, Hong Kong
ERROR:root:Geocoding失败：REQUEST_DENIED - 地址：WAI WAH Building, Hong Kong
ERROR:root:Geocoding失败：REQUEST_DENIED - 地址：WAI WAH Building, Hong Kong
